// Jest Snapshot v1, https://goo.gl/fbAQLP

exports[`Check if it renders 1`] = `
<div
  className="rockets-container"
/>
`;
